Warning: You are sending unauthenticated requests to the HF Hub. Please set a HF_TOKEN to enable higher rate limits and faster downloads.
=== Phase 1: Data Loading & Classical Preprocessing ===
Loading TREC dataset (50 samples)...
Loading TREC dataset (150 samples)...
Running Classical Feature Extraction (Block 1) into 20 dimensions...
Loading weights:   0%|          | 0/103 [00:00<?, ?it/s]Loading weights: 100%|██████████| 103/103 [00:00<00:00, 7396.22it/s]
Batches:   0%|          | 0/3 [00:00<?, ?it/s]Batches:  33%|███▎      | 1/3 [00:00<00:00,  4.66it/s]Batches: 100%|██████████| 3/3 [00:00<00:00, 10.60it/s]
No gradient function provided, creating a gradient function. If your Estimator requires transpilation, please provide a pass manager.
No gradient function provided, creating a gradient function. If your Estimator requires transpilation, please provide a pass manager.
No gradient function provided, creating a gradient function. If your Estimator requires transpilation, please provide a pass manager.
No gradient function provided, creating a gradient function. If your Estimator requires transpilation, please provide a pass manager.
No gradient function provided, creating a gradient function. If your Estimator requires transpilation, please provide a pass manager.
No gradient function provided, creating a gradient function. If your Estimator requires transpilation, please provide a pass manager.
No gradient function provided, creating a gradient function. If your Estimator requires transpilation, please provide a pass manager.
No gradient function provided, creating a gradient function. If your Estimator requires transpilation, please provide a pass manager.
No gradient function provided, creating a gradient function. If your Estimator requires transpilation, please provide a pass manager.
No gradient function provided, creating a gradient function. If your Estimator requires transpilation, please provide a pass manager.
No gradient function provided, creating a gradient function. If your Estimator requires transpilation, please provide a pass manager.
No gradient function provided, creating a gradient function. If your Estimator requires transpilation, please provide a pass manager.
No gradient function provided, creating a gradient function. If your Estimator requires transpilation, please provide a pass manager.
No gradient function provided, creating a gradient function. If your Estimator requires transpilation, please provide a pass manager.
No gradient function provided, creating a gradient function. If your Estimator requires transpilation, please provide a pass manager.
No gradient function provided, creating a gradient function. If your Estimator requires transpilation, please provide a pass manager.
No gradient function provided, creating a gradient function. If your Estimator requires transpilation, please provide a pass manager.
No gradient function provided, creating a gradient function. If your Estimator requires transpilation, please provide a pass manager.
No gradient function provided, creating a gradient function. If your Estimator requires transpilation, please provide a pass manager.
No gradient function provided, creating a gradient function. If your Estimator requires transpilation, please provide a pass manager.
No gradient function provided, creating a gradient function. If your Estimator requires transpilation, please provide a pass manager.
No gradient function provided, creating a gradient function. If your Estimator requires transpilation, please provide a pass manager.
No gradient function provided, creating a gradient function. If your Estimator requires transpilation, please provide a pass manager.
No gradient function provided, creating a gradient function. If your Estimator requires transpilation, please provide a pass manager.
No gradient function provided, creating a gradient function. If your Estimator requires transpilation, please provide a pass manager.
No gradient function provided, creating a gradient function. If your Estimator requires transpilation, please provide a pass manager.

=== Phase 2: Quantum Honey Badger Outer Loop (Block 2 & 8) ===
Starting QPN Master Training (Outer Loop: QHBA, Inner Loop: VQC with 10 epochs/eval)...
[QHBA] Initial best fitness: 3.8411
[QHBA] Iter   1/3  |  alpha=0.4232  |  best_fitness=3.7435
[QHBA] Iter   2/3  |  alpha=0.3583  |  best_fitness=3.7435
[QHBA] Iter   3/3  |  alpha=0.3033  |  best_fitness=3.7435

=== Phase 3: Final Output & Evaluation (Block 7) ===
Best Feature Mask found by QCHBA: [np.int64(2), np.int64(3), np.int64(10), np.int64(11), np.int64(12), np.int64(13), np.int64(14), np.int64(17), np.int64(18)]
Best Fitness (Loss) achieved: 3.7435

Generating Research Metrics...
Metrics:
  - accuracy: 0.8133
  - precision_macro: 0.7689
  - recall_macro: 0.8165
  - f1_macro: 0.7619

Generating Visualizations (Saved to disk)...
Confusion matrix saved to confusion_matrix.png
t-SNE plot saved to tsne_plot.png

=== Pipeline Execution Complete ===
